File: BackDoorLocked.events.ini
File: BackyardBenAfter.events.ini
File: BackyardBenBefore.events.ini
File: DvmRescueBoy.events.ini
File: DvmStopCultists.events.ini
File: DvmStopRitual.events.ini
File: DvmStopRitualBefore.events.ini
File: RescueBoy.events.ini
File: SarahPatter.events.ini
File: StopCultistsRitual.events.ini
File: WandererAttacks.events.ini
File: journal.events.ini
File: localization.english.txt
Game file: base/activations.ini
Game file: base/attacks.ini
Game file: base/audio.ini
Game file: base/content_pack.ini
Game file: base/dunwich_data.ini
Game file: base/evade.ini
Game file: base/horror.ini
Game file: base/horror_attacks.ini
Game file: base/images.ini
Game file: base/investigators.ini
Game file: base/items.ini
Game file: base/monsters.ini
Game file: base/mythos.ini
Game file: base/puzzle.ini
Game file: base/tiles.ini
Game file: base/tokens.ini
Game file: base/tokens_items.ini
Game file: base/tokens_monsters.ini
Game file: btt/content_pack.ini
Game file: btt/investigators.ini
Game file: btt/items.ini
Game file: btt/monsters.ini
Game file: btt/tiles.ini
Game file: btt/tokens.ini
Game file: ck/ck-tokensandcards/content_pack.ini
Game file: ck/ck-tokensandcards/items.ini
Game file: ck/ck-tokensandcards/tokens.ini
Game file: ck/cotw-investigators/content_pack.ini
Game file: ck/cotw-investigators/investigators.ini
Game file: ck/cotw-monsters/content_pack.ini
Game file: ck/cotw-monsters/monsters.ini
Game file: ck/cotw-tiles/content_pack.ini
Game file: ck/cotw-tiles/tiles.ini
Game file: ck/fa-investigators/content_pack.ini
Game file: ck/fa-investigators/investigators.ini
Game file: ck/fa-monsters/content_pack.ini
Game file: ck/fa-monsters/monsters.ini
Game file: ck/fa-tiles/content_pack.ini
Game file: ck/fa-tiles/tiles.ini
Game file: ck/mom1e-investigators/content_pack.ini
Game file: ck/mom1e-investigators/investigators.ini
Game file: ck/mom1e-monsters/content_pack.ini
Game file: ck/mom1e-monsters/monsters.ini
Game file: ck/mom1e-tiles/content_pack.ini
Game file: ck/mom1e-tiles/tiles.ini
Game file: hj/content_pack.ini
Game file: hj/investigators.ini
Game file: hj/items.ini
Game file: hj/monsters.ini
Game file: hj/tiles.ini
Game file: hj/tokens.ini
Game file: hj/tokens_monsters.ini
Game file: pots/content_pack.ini
Game file: pots/investigators.ini
Game file: pots/items.ini
/c/Program Files (x86)/Valkyrie/valkyrie_Data/StreamingAssets/content/MoM/pots/items.ini@67 Duplicate  ItemCommonTorch 
Game file: pots/monsters.ini
Game file: pots/tiles.ini
/c/Program Files (x86)/Valkyrie/valkyrie_Data/StreamingAssets/content/MoM/pots/tiles.ini@97 Duplicate  TileSideCampsite 
Game file: pots/tokens.ini
Game file: pots/tokens_monsters.ini
Game file: rn/content_pack.ini
Game file: sm/content_pack.ini
Game file: soa/content_pack.ini
Game file: soa/investigators.ini
Game file: soa/items.ini
Game file: soa/monsters.ini
Game file: soa/tiles.ini
Game file: soa/tokens.ini
Game file: sot/content_pack.ini
Game file: sot/investigators.ini
Game file: sot/items.ini
Game file: sot/monsters.ini
Game file: sot/tiles.ini
Game file: sot/tokens.ini
Game file: base/Localization.English.txt
Game file: base/Localization.French.txt
Game file: base/Localization.German.txt
Game file: base/Localization.Italian.txt
Game file: base/Localization.Polish.txt
Game file: base/Localization.Russian.txt
====================================== missing referenced sections
WandererAttacks.events.ini@263 Missing    EventWandererAttacksGeneralSelectRestart (EventWandererAttacksGeneralSelect)
DvmStopRitual.events.ini@309   Missing    EventDvmStopRitualRead14Page (EventDvmStopRitualReadPage12BaseFail)
DvmStopRitual.events.ini@96    Missing    QItemRitualDagger (EventDvmStopRitualReadPage4End)
DvmStopRitual.events.ini@96    Missing    EventDvmStopRitualRead6Page (EventDvmStopRitualReadPage4End)
DvmStopRitual.events.ini@404   Missing    QItemDVM (EventDvmStopRitualReadPage15End)
DvmStopRitual.events.ini@143   Missing    EventDvmStopRitualRead8Page (EventDvmStopRitualReadPage6BaseFail)
DvmStopRitual.events.ini@392   Missing    EventDvmStopRitualRead17Page (EventDvmStopRitualReadPage15BaseFail)
DvmStopRitual.events.ini@120   Missing    QItemRitualDagger (EventDvmStopRitualReadPage5End)
DvmStopRitual.events.ini@120   Missing    EventDvmStopRitualRead3Page (EventDvmStopRitualReadPage5End)
DvmStopRitual.events.ini@226   Missing    EventDvmStopRitualRead11Page (EventDvmStopRitualReadPage9BaseFail)
DvmStopRitual.events.ini@428   Missing    QItemDVM (EventDvmStopRitualReadPage16End)
DvmStopRitual.events.ini@428   Missing    EventGameOverStart (EventDvmStopRitualReadPage16End)
DvmStopRitual.events.ini@262   Missing    QItemDVM (EventDvmStopRitualReadPage10End)
DvmStopRitual.events.ini@262   Missing    EventDvmStopRitualRead12Page (EventDvmStopRitualReadPage10End)
BackyardBenAfter.events.ini@85 Missing    TokenExploreBackDoorLocked (EventBackyardBenAfterReadPage3)
BackyardBenAfter.events.ini@85 Missing    TokenInvestigatorsDiningRoom (EventBackyardBenAfterReadPage3)
DvmStopRitual.events.ini@155   Missing    QItemRitualDagger (EventDvmStopRitualReadPage6End)
BackyardBenAfter.events.ini@75 Missing    TokenBackyardBenAfter (EventBackyardBenAfterReadPage3End)
BackyardBenAfter.events.ini@75 Missing    TokenInvestigatorsDiningRoom (EventBackyardBenAfterReadPage3End)
DvmStopRitual.events.ini@452   Missing    EventDvmStopRitualRead15Page (EventDvmStopRitualReadPage17End)
DvmStopRitual.events.ini@452   Missing    QItemDVM (EventDvmStopRitualReadPage17End)
DvmStopRitual.events.ini@286   Missing    QItemDVM (EventDvmStopRitualReadPage11End)
DvmStopRitual.events.ini@286   Missing    EventDvmStopRitualRead9Page (EventDvmStopRitualReadPage11End)
DvmStopRitual.events.ini@179   Missing    QItemRitualDagger (EventDvmStopRitualReadPage7End)
DvmStopRitual.events.ini@179   Missing    EventDvmStopRitualRead9Page (EventDvmStopRitualReadPage7End)
DvmStopRitual.events.ini@55    Missing    EventDvmStopRitualRead4Page (EventDvmStopRitualReadPage3BasePass)
DvmStopRitual.events.ini@321   Missing    QItemRitualDagger (EventDvmStopRitualReadPage12End)
DvmStopRitual.events.ini@203   Missing    QItemRitualDagger (EventDvmStopRitualReadPage8End)
DvmStopRitual.events.ini@203   Missing    EventDvmStopRitualRead6Page (EventDvmStopRitualReadPage8End)
DvmStopRitual.events.ini@304   Missing    EventDvmStopRitualRead13Page (EventDvmStopRitualReadPage12BasePass)
DvmStopRitual.events.ini@37    Missing    QItemRitualComponents (EventDvmStopRitualReadPage2End)
DvmStopRitual.events.ini@138   Missing    EventDvmStopRitualRead7Page (EventDvmStopRitualReadPage6BasePass)
DvmStopRitual.events.ini@345   Missing    EventDvmStopRitualRead15Page (EventDvmStopRitualReadPage13End)
DvmStopRitual.events.ini@345   Missing    QItemDVM (EventDvmStopRitualReadPage13End)
DvmStopRitual.events.ini@387   Missing    EventDvmStopRitualRead16Page (EventDvmStopRitualReadPage15BasePass)
DvmStopRitual.events.ini@238   Missing    QItemDVM (EventDvmStopRitualReadPage9End)
DvmStopRitual.events.ini@72    Missing    QItemRitualDagger (EventDvmStopRitualReadPage3End)
DvmStopRitual.events.ini@221   Missing    EventDvmStopRitualRead10Page (EventDvmStopRitualReadPage9BasePass)
DvmStopRitual.events.ini@369   Missing    QItemDVM (EventDvmStopRitualReadPage14End)
DvmStopRitual.events.ini@369   Missing    EventDvmStopRitualRead12Page (EventDvmStopRitualReadPage14End)
DvmStopRitual.events.ini@60    Missing    EventDvmStopRitualRead5Page (EventDvmStopRitualReadPage3BaseFail)
StopCultistsRitual.events.ini@117 Missing    EventStopCultistsRitualRead4Page (EventStopCultistsRitualReadPage5End)
====================================== unused sections
DvmStopCultists.events.ini@186 Unused     EventDVMStopCultistsReadPage8 (EventDVMStopCultistsReadPage8)
SarahPatter.events.ini@413     Unused     EventSarahPatterStart (EventSarahPatterStart)
DvmStopRitual.events.ini@560   Unused     EventDvmStopRitualStart (EventDvmStopRitualStart)
RescueBoy.events.ini@68        Unused     EventRescueBoyReadPage3 (EventRescueBoyReadPage3)
DvmRescueBoy.events.ini@201    Unused     EventDVMRescueBoyReadPage8 (EventDVMRescueBoyReadPage8)
journal.events.ini@135         Unused     EventJournalReadPage6 (EventJournalReadPage6)
WandererAttacks.events.ini@1   Unused     EventWandererAttacksStart (EventWandererAttacksStart)
DvmStopRitual.events.ini@459   Unused     EventDvmStopRitualReadPage17 (EventDvmStopRitualReadPage17)
BackDoorLocked.events.ini@57   Unused     EventBackDoorLockedReadPage2 (EventBackDoorLockedReadPage2)
DvmStopRitual.events.ini@231   Unused     EventDvmStopRitualReadPage9TestEnd (EventDvmStopRitualReadPage9TestEnd)
DvmStopRitual.events.ini@148   Unused     EventDvmStopRitualReadPage6TestEnd (EventDvmStopRitualReadPage6TestEnd)
DvmStopRitual.events.ini@65    Unused     EventDvmStopRitualReadPage3TestEnd (EventDvmStopRitualReadPage3TestEnd)
DvmStopRitualBefore.events.ini@276 Unused     EventDVMStopRitualAfterEnd (EventDVMStopRitualAfterEnd)
StopCultistsRitual.events.ini@152 Unused     EventStopCultistsRitualStart (EventStopCultistsRitualStart)
WandererAttacks.events.ini@273 Unused     EventWandererAttacksSelectRestart (EventWandererAttacksSelectRestart)
StopCultistsRitual.events.ini@123 Unused     EventStopCultistsRitualReadPage5 (EventStopCultistsRitualReadPage5)
RescueBoy.events.ini@85        Unused     EventRescueBoyStart (EventRescueBoyStart)
SarahPatter.events.ini@336     Unused     EventSarahPatterReadPage13 (EventSarahPatterReadPage13)
DvmStopRitual.events.ini@397   Unused     EventDvmStopRitualReadPage15TestEnd (EventDvmStopRitualReadPage15TestEnd)
DvmStopRitual.events.ini@314   Unused     EventDvmStopRitualReadPage12TestEnd (EventDvmStopRitualReadPage12TestEnd)
DvmStopRitualBefore.events.ini@181 Unused     EventDVMStopRitualBeforeReadPage8 (EventDVMStopRitualBeforeReadPage8)
DvmStopRitualBefore.events.ini@270 Unused     EventDVMStopRitualAfterStart (EventDVMStopRitualAfterStart)
====================================== missing localization keys
WandererAttacks.events.ini@42  Missing    EventWandererAttacksGeneralAgilityDazed.text (EventWandererAttacksGeneralAgilityDazed)
WandererAttacks.events.ini@42  Missing    EventWandererAttacksGeneralAgilityDazed.button1 (EventWandererAttacksGeneralAgilityDazed)
DvmStopRitual.events.ini@536   Missing    EventDvmStopRitualReadPage13Proxy.text (EventDvmStopRitualReadPage13Proxy)
WandererAttacks.events.ini@263 Missing    EventWandererAttacksGeneralSelect.button1 (EventWandererAttacksGeneralSelect)
WandererAttacks.events.ini@263 Missing    EventWandererAttacksGeneralSelect.text (EventWandererAttacksGeneralSelect)
WandererAttacks.events.ini@144 Missing    EventWandererAttacksGeneralWillRestrained.text (EventWandererAttacksGeneralWillRestrained)
WandererAttacks.events.ini@144 Missing    EventWandererAttacksGeneralWillRestrained.button1 (EventWandererAttacksGeneralWillRestrained)
DvmStopRitual.events.ini@494   Missing    EventDvmStopRitualReadPage6Proxy.text (EventDvmStopRitualReadPage6Proxy)
WandererAttacks.events.ini@60  Missing    EventWandererAttacksGeneralObservationStunned.button1 (EventWandererAttacksGeneralObservationStunned)
WandererAttacks.events.ini@60  Missing    EventWandererAttacksGeneralObservationStunned.text (EventWandererAttacksGeneralObservationStunned)
StopCultistsRitual.events.ini@140 Missing    EventStopCultistsRitualReadPage3Proxy.text (EventStopCultistsRitualReadPage3Proxy)
WandererAttacks.events.ini@126 Missing    EventWandererAttacksGeneralWillDamage.text (EventWandererAttacksGeneralWillDamage)
WandererAttacks.events.ini@126 Missing    EventWandererAttacksGeneralWillDamage.button1 (EventWandererAttacksGeneralWillDamage)
WandererAttacks.events.ini@108 Missing    EventWandererAttacksGeneralInfluenceStunned.button1 (EventWandererAttacksGeneralInfluenceStunned)
WandererAttacks.events.ini@108 Missing    EventWandererAttacksGeneralInfluenceStunned.text (EventWandererAttacksGeneralInfluenceStunned)
WandererAttacks.events.ini@267 Missing    EventWandererAttacksGeneralSelectRetry.button1 (EventWandererAttacksGeneralSelectRetry)
WandererAttacks.events.ini@267 Missing    EventWandererAttacksGeneralSelectRetry.text (EventWandererAttacksGeneralSelectRetry)
WandererAttacks.events.ini@30  Missing    EventWandererAttacksGeneralAgilityDamage.text (EventWandererAttacksGeneralAgilityDamage)
WandererAttacks.events.ini@30  Missing    EventWandererAttacksGeneralAgilityDamage.button1 (EventWandererAttacksGeneralAgilityDamage)
DvmStopRitual.events.ini@464   Missing    EventDvmStopRitualReadPage1Proxy.text (EventDvmStopRitualReadPage1Proxy)
SarahPatter.events.ini@365     Missing    EventSarahPatterReadPage5Proxy.text (EventSarahPatterReadPage5Proxy)
DvmStopRitual.events.ini@548   Missing    EventDvmStopRitualReadPage15Proxy.text (EventDvmStopRitualReadPage15Proxy)
DvmStopRitual.events.ini@506   Missing    EventDvmStopRitualReadPage8Proxy.text (EventDvmStopRitualReadPage8Proxy)
WandererAttacks.events.ini@286 Missing    EventWandererAttacksStoryEnd.button1 (EventWandererAttacksStoryEnd)
WandererAttacks.events.ini@286 Missing    EventWandererAttacksStoryEnd.text (EventWandererAttacksStoryEnd)
WandererAttacks.events.ini@54  Missing    EventWandererAttacksGeneralObservationDamaged.button1 (EventWandererAttacksGeneralObservationDamaged)
WandererAttacks.events.ini@54  Missing    EventWandererAttacksGeneralObservationDamaged.text (EventWandererAttacksGeneralObservationDamaged)
WandererAttacks.events.ini@282 Missing    EventWandererAttacksStoryStart.text (EventWandererAttacksStoryStart)
WandererAttacks.events.ini@282 Missing    EventWandererAttacksStoryStart.button1 (EventWandererAttacksStoryStart)
SarahPatter.events.ini@395     Missing    EventSarahPatterReadPage10Proxy.text (EventSarahPatterReadPage10Proxy)
WandererAttacks.events.ini@72  Missing    EventWandererAttacksGeneralObservationRestrained.text (EventWandererAttacksGeneralObservationRestrained)
WandererAttacks.events.ini@72  Missing    EventWandererAttacksGeneralObservationRestrained.button1 (EventWandererAttacksGeneralObservationRestrained)
WandererAttacks.events.ini@102 Missing    EventWandererAttacksGeneralInfluenceDamaged.button1 (EventWandererAttacksGeneralInfluenceDamaged)
WandererAttacks.events.ini@102 Missing    EventWandererAttacksGeneralInfluenceDamaged.text (EventWandererAttacksGeneralInfluenceDamaged)
WandererAttacks.events.ini@1   Missing    EventWandererAttacksStart.text (EventWandererAttacksStart)
WandererAttacks.events.ini@1   Missing    EventWandererAttacksStart.button1 (EventWandererAttacksStart)
DvmStopRitual.events.ini@518   Missing    EventDvmStopRitualReadPage10Proxy.text (EventDvmStopRitualReadPage10Proxy)
WandererAttacks.events.ini@66  Missing    EventWandererAttacksGeneralObservationDazed.button1 (EventWandererAttacksGeneralObservationDazed)
WandererAttacks.events.ini@66  Missing    EventWandererAttacksGeneralObservationDazed.text (EventWandererAttacksGeneralObservationDazed)
DvmStopRitual.events.ini@476   Missing    EventDvmStopRitualReadPage3Proxy.text (EventDvmStopRitualReadPage3Proxy)
SarahPatter.events.ini@377     Missing    EventSarahPatterReadPage7Proxy.text (EventSarahPatterReadPage7Proxy)
RescueBoy.events.ini@79        Missing    EventRescueBoyReadPage2Proxy.text (EventRescueBoyReadPage2Proxy)
WandererAttacks.events.ini@278 Missing    EventWandererAttacksGeneralEnd.button1 (EventWandererAttacksGeneralEnd)
WandererAttacks.events.ini@278 Missing    EventWandererAttacksGeneralEnd.text (EventWandererAttacksGeneralEnd)
WandererAttacks.events.ini@6   Missing    EventWandererAttacksGeneralStrengthDamage.button1 (EventWandererAttacksGeneralStrengthDamage)
WandererAttacks.events.ini@6   Missing    EventWandererAttacksGeneralStrengthDamage.text (EventWandererAttacksGeneralStrengthDamage)
SarahPatter.events.ini@347     Missing    EventSarahPatterReadPage2Proxy.text (EventSarahPatterReadPage2Proxy)
SarahPatter.events.ini@407     Missing    EventSarahPatterReadPage12Proxy.text (EventSarahPatterReadPage12Proxy)
WandererAttacks.events.ini@48  Missing    EventWandererAttacksGeneralAgilityRestrained.button1 (EventWandererAttacksGeneralAgilityRestrained)
WandererAttacks.events.ini@48  Missing    EventWandererAttacksGeneralAgilityRestrained.text (EventWandererAttacksGeneralAgilityRestrained)
WandererAttacks.events.ini@36  Missing    EventWandererAttacksGeneralAgilityStunned.button1 (EventWandererAttacksGeneralAgilityStunned)
WandererAttacks.events.ini@36  Missing    EventWandererAttacksGeneralAgilityStunned.text (EventWandererAttacksGeneralAgilityStunned)
DvmStopRitual.events.ini@530   Missing    EventDvmStopRitualReadPage12Proxy.text (EventDvmStopRitualReadPage12Proxy)
DvmStopRitual.events.ini@488   Missing    EventDvmStopRitualReadPage5Proxy.text (EventDvmStopRitualReadPage5Proxy)
SarahPatter.events.ini@389     Missing    EventSarahPatterReadPage9Proxy.text (EventSarahPatterReadPage9Proxy)
WandererAttacks.events.ini@114 Missing    EventWandererAttacksGeneralInfluenceDazed.button1 (EventWandererAttacksGeneralInfluenceDazed)
WandererAttacks.events.ini@114 Missing    EventWandererAttacksGeneralInfluenceDazed.text (EventWandererAttacksGeneralInfluenceDazed)
StopCultistsRitual.events.ini@134 Missing    EventStopCultistsRitualReadPage2Proxy.text (EventStopCultistsRitualReadPage2Proxy)
WandererAttacks.events.ini@204 Missing    EventWandererAttacksStory10.button1 (EventWandererAttacksStory10)
WandererAttacks.events.ini@204 Missing    EventWandererAttacksStory10.text (EventWandererAttacksStory10)
WandererAttacks.events.ini@210 Missing    EventWandererAttacksStory11.text (EventWandererAttacksStory11)
WandererAttacks.events.ini@210 Missing    EventWandererAttacksStory11.button1 (EventWandererAttacksStory11)
WandererAttacks.events.ini@216 Missing    EventWandererAttacksStory12.text (EventWandererAttacksStory12)
WandererAttacks.events.ini@216 Missing    EventWandererAttacksStory12.button1 (EventWandererAttacksStory12)
WandererAttacks.events.ini@222 Missing    EventWandererAttacksStory13.text (EventWandererAttacksStory13)
WandererAttacks.events.ini@222 Missing    EventWandererAttacksStory13.button1 (EventWandererAttacksStory13)
WandererAttacks.events.ini@228 Missing    EventWandererAttacksStory14.text (EventWandererAttacksStory14)
WandererAttacks.events.ini@228 Missing    EventWandererAttacksStory14.button1 (EventWandererAttacksStory14)
WandererAttacks.events.ini@234 Missing    EventWandererAttacksStory15.text (EventWandererAttacksStory15)
WandererAttacks.events.ini@234 Missing    EventWandererAttacksStory15.button1 (EventWandererAttacksStory15)
WandererAttacks.events.ini@240 Missing    EventWandererAttacksStory16.text (EventWandererAttacksStory16)
WandererAttacks.events.ini@240 Missing    EventWandererAttacksStory16.button1 (EventWandererAttacksStory16)
WandererAttacks.events.ini@246 Missing    EventWandererAttacksStory17.text (EventWandererAttacksStory17)
WandererAttacks.events.ini@246 Missing    EventWandererAttacksStory17.button1 (EventWandererAttacksStory17)
WandererAttacks.events.ini@252 Missing    EventWandererAttacksStory18.button1 (EventWandererAttacksStory18)
WandererAttacks.events.ini@252 Missing    EventWandererAttacksStory18.text (EventWandererAttacksStory18)
SarahPatter.events.ini@359     Missing    EventSarahPatterReadPage4Proxy.text (EventSarahPatterReadPage4Proxy)
WandererAttacks.events.ini@90  Missing    EventWandererAttacksGeneralLoreDazed.button1 (EventWandererAttacksGeneralLoreDazed)
WandererAttacks.events.ini@90  Missing    EventWandererAttacksGeneralLoreDazed.text (EventWandererAttacksGeneralLoreDazed)
WandererAttacks.events.ini@24  Missing    EventWandererAttacksGeneralStrengthRestrained.button1 (EventWandererAttacksGeneralStrengthRestrained)
WandererAttacks.events.ini@24  Missing    EventWandererAttacksGeneralStrengthRestrained.text (EventWandererAttacksGeneralStrengthRestrained)
WandererAttacks.events.ini@138 Missing    EventWandererAttacksGeneralWillDazed.text (EventWandererAttacksGeneralWillDazed)
WandererAttacks.events.ini@138 Missing    EventWandererAttacksGeneralWillDazed.button1 (EventWandererAttacksGeneralWillDazed)
DvmStopRitual.events.ini@542   Missing    EventDvmStopRitualReadPage14Proxy.text (EventDvmStopRitualReadPage14Proxy)
WandererAttacks.events.ini@273 Missing    EventWandererAttacksSelectRestart.text (EventWandererAttacksSelectRestart)
WandererAttacks.events.ini@273 Missing    EventWandererAttacksSelectRestart.button1 (EventWandererAttacksSelectRestart)
DvmStopRitual.events.ini@500   Missing    EventDvmStopRitualReadPage7Proxy.text (EventDvmStopRitualReadPage7Proxy)
StopCultistsRitual.events.ini@146 Missing    EventStopCultistsRitualReadPage4Proxy.text (EventStopCultistsRitualReadPage4Proxy)
DvmStopRitual.events.ini@470   Missing    EventDvmStopRitualReadPage2Proxy.text (EventDvmStopRitualReadPage2Proxy)
SarahPatter.events.ini@371     Missing    EventSarahPatterReadPage6Proxy.text (EventSarahPatterReadPage6Proxy)
WandererAttacks.events.ini@150 Missing    EventWandererAttacksStory1.text (EventWandererAttacksStory1)
WandererAttacks.events.ini@150 Missing    EventWandererAttacksStory1.button1 (EventWandererAttacksStory1)
WandererAttacks.events.ini@156 Missing    EventWandererAttacksStory2.button1 (EventWandererAttacksStory2)
WandererAttacks.events.ini@156 Missing    EventWandererAttacksStory2.text (EventWandererAttacksStory2)
WandererAttacks.events.ini@162 Missing    EventWandererAttacksStory3.button1 (EventWandererAttacksStory3)
WandererAttacks.events.ini@162 Missing    EventWandererAttacksStory3.text (EventWandererAttacksStory3)
WandererAttacks.events.ini@168 Missing    EventWandererAttacksStory4.button1 (EventWandererAttacksStory4)
WandererAttacks.events.ini@168 Missing    EventWandererAttacksStory4.text (EventWandererAttacksStory4)
WandererAttacks.events.ini@174 Missing    EventWandererAttacksStory5.text (EventWandererAttacksStory5)
WandererAttacks.events.ini@174 Missing    EventWandererAttacksStory5.button1 (EventWandererAttacksStory5)
WandererAttacks.events.ini@180 Missing    EventWandererAttacksStory6.text (EventWandererAttacksStory6)
WandererAttacks.events.ini@180 Missing    EventWandererAttacksStory6.button1 (EventWandererAttacksStory6)
WandererAttacks.events.ini@186 Missing    EventWandererAttacksStory7.button1 (EventWandererAttacksStory7)
WandererAttacks.events.ini@186 Missing    EventWandererAttacksStory7.text (EventWandererAttacksStory7)
WandererAttacks.events.ini@192 Missing    EventWandererAttacksStory8.text (EventWandererAttacksStory8)
WandererAttacks.events.ini@192 Missing    EventWandererAttacksStory8.button1 (EventWandererAttacksStory8)
WandererAttacks.events.ini@198 Missing    EventWandererAttacksStory9.text (EventWandererAttacksStory9)
WandererAttacks.events.ini@198 Missing    EventWandererAttacksStory9.button1 (EventWandererAttacksStory9)
RescueBoy.events.ini@73        Missing    EventRescueBoyReadPage1Proxy.text (EventRescueBoyReadPage1Proxy)
DvmStopRitual.events.ini@554   Missing    EventDvmStopRitualReadPage16Proxy.text (EventDvmStopRitualReadPage16Proxy)
WandererAttacks.events.ini@12  Missing    EventWandererAttacksGeneralStrengthStunned.text (EventWandererAttacksGeneralStrengthStunned)
WandererAttacks.events.ini@12  Missing    EventWandererAttacksGeneralStrengthStunned.button1 (EventWandererAttacksGeneralStrengthStunned)
DvmStopRitual.events.ini@512   Missing    EventDvmStopRitualReadPage9Proxy.text (EventDvmStopRitualReadPage9Proxy)
SarahPatter.events.ini@341     Missing    EventSarahPatterReadPage1Proxy.text (EventSarahPatterReadPage1Proxy)
SarahPatter.events.ini@401     Missing    EventSarahPatterReadPage11Proxy.text (EventSarahPatterReadPage11Proxy)
WandererAttacks.events.ini@290 Missing    EventWandererAttacksEnd.button1 (EventWandererAttacksEnd)
WandererAttacks.events.ini@290 Missing    EventWandererAttacksEnd.text (EventWandererAttacksEnd)
WandererAttacks.events.ini@120 Missing    EventWandererAttacksGeneralInfluenceRestrained.button1 (EventWandererAttacksGeneralInfluenceRestrained)
WandererAttacks.events.ini@120 Missing    EventWandererAttacksGeneralInfluenceRestrained.text (EventWandererAttacksGeneralInfluenceRestrained)
DvmStopRitual.events.ini@524   Missing    EventDvmStopRitualReadPage11Proxy.text (EventDvmStopRitualReadPage11Proxy)
WandererAttacks.events.ini@78  Missing    EventWandererAttacksGeneralLoreDamage.text (EventWandererAttacksGeneralLoreDamage)
WandererAttacks.events.ini@78  Missing    EventWandererAttacksGeneralLoreDamage.button1 (EventWandererAttacksGeneralLoreDamage)
WandererAttacks.events.ini@84  Missing    EventWandererAttacksGeneralLoreStunned.text (EventWandererAttacksGeneralLoreStunned)
WandererAttacks.events.ini@84  Missing    EventWandererAttacksGeneralLoreStunned.button1 (EventWandererAttacksGeneralLoreStunned)
WandererAttacks.events.ini@132 Missing    EventWandererAttacksGeneralWillHorror.text (EventWandererAttacksGeneralWillHorror)
WandererAttacks.events.ini@132 Missing    EventWandererAttacksGeneralWillHorror.button1 (EventWandererAttacksGeneralWillHorror)
DvmStopRitual.events.ini@482   Missing    EventDvmStopRitualReadPage4Proxy.text (EventDvmStopRitualReadPage4Proxy)
SarahPatter.events.ini@383     Missing    EventSarahPatterReadPage8Proxy.text (EventSarahPatterReadPage8Proxy)
StopCultistsRitual.events.ini@128 Missing    EventStopCultistsRitualReadPage1Proxy.text (EventStopCultistsRitualReadPage1Proxy)
WandererAttacks.events.ini@258 Missing    EventWandererAttacksGeneralStart.text (EventWandererAttacksGeneralStart)
WandererAttacks.events.ini@258 Missing    EventWandererAttacksGeneralStart.button1 (EventWandererAttacksGeneralStart)
WandererAttacks.events.ini@96  Missing    EventWandererAttacksGeneralLoreRestrained.button1 (EventWandererAttacksGeneralLoreRestrained)
WandererAttacks.events.ini@96  Missing    EventWandererAttacksGeneralLoreRestrained.text (EventWandererAttacksGeneralLoreRestrained)
SarahPatter.events.ini@353     Missing    EventSarahPatterReadPage3Proxy.text (EventSarahPatterReadPage3Proxy)
WandererAttacks.events.ini@18  Missing    EventWandererAttacksGeneralStrengthDazed.text (EventWandererAttacksGeneralStrengthDazed)
WandererAttacks.events.ini@18  Missing    EventWandererAttacksGeneralStrengthDazed.button1 (EventWandererAttacksGeneralStrengthDazed)
====================================== unused localization keys
====================================== quest needs these unselected packs
====================================== quest doesn't need these selected packs
