File: BackDoorLocked.events.ini
File: BackyardBenAfter.events.ini
File: BackyardBenBefore.events.ini
File: ClosePortal.events.ini
File: DvmClosePortal.events.ini
File: DvmOpenPortal.events.ini
File: FeedPortal.events.ini
File: Journal.events.ini
File: OpenPortal.events.ini
File: SarahPatter.events.ini
File: WandererAttacks.events.ini
File: events.ini
File: items.ini
File: monsters.ini
File: puzzles.ini
File: quest.ini
File: spawns.ini
File: tiles.ini
File: tokens.ini
File: ui.ini
File: localization.english.txt
==================================================================== missing referenced sections
spawns.ini@3                   Missing    MonsterGhost (SpawnJamie)
events.ini@2180                Missing    EventPlaceDiningRoomEnd (EventPlaceDiningRoomNoJournal)
spawns.ini@170                 Missing    MonsterRiot (SpawnChapelStopCultistsRiot)
events.ini@1766                Missing    EventWandererAttackStart (EventWandererMove)
events.ini@1896                Missing    EventDVMRitual (EventDWMStartDisambiguator)
events.ini@1896                Missing    EventDVMStart (EventDWMStartDisambiguator)
BackDoorLocked.events.ini@336  Missing    TokenBackDoorLocked (EventBackDoorLockedReadPageEpilogAddRemoveAfter1)
spawns.ini@186                 Missing    MonsterCultist (SpawnCustomMonsterDavidSmytheAngry)
spawns.ini@10                  Missing    MonsterCultist (SpawnSpawnCultist1)
OpenPortal.events.ini@402      Missing    MonsterUncleDavidAltar (EventOpenPortalReadPageEpilogAddRemoveAfter1)
OpenPortal.events.ini@421      Missing    MonsterUncleDavidToKill (EventOpenPortalReadPageEpilogAddRemoveAfter2)
events.ini@749                 Missing    EventBackyardBenAfterReadPage1 (EventPlaceCellNotReady)
spawns.ini@99                  Missing    MonsterCultist (SpawnPlaceDungeonCaveViaChapelCultist1)
spawns.ini@107                 Missing    MonsterCultist (SpawnPlaceDungeonCaveViaChapelCultist2)
==================================================================== unused sections
events.ini@1862                Unused     EventPlaceChapelExploreCryptNoEvidence1 (EventPlaceChapelExploreCryptNoEvidence1)
events.ini@1868                Unused     EventPlaceChapelExploreCryptNoEvidence2 (EventPlaceChapelExploreCryptNoEvidence2)
items.ini@28                   Unused     QItemFireExtinguisher (QItemFireExtinguisher)
events.ini@34                  Unused     EventMythosStart (EventMythosStart)
items.ini@61                   Unused     QItemBladed (QItemBladed)
FeedPortal.events.ini@1        Unused     EventFeedPortalStart (EventFeedPortalStart)
events.ini@2111                Unused     EventLookPlaceKitchenViaDriveway (EventLookPlaceKitchenViaDriveway)
ClosePortal.events.ini@1       Unused     EventClosePortalStart (EventClosePortalStart)
items.ini@69                   Unused     QItemStartFirearm (QItemStartFirearm)
items.ini@74                   Unused     QItemStartEquipment1 (QItemStartEquipment1)
items.ini@78                   Unused     QItemStartEquipment2 (QItemStartEquipment2)
items.ini@82                   Unused     QItemStartEquipment3 (QItemStartEquipment3)
DvmOpenPortal.events.ini@1     Unused     EventDvmOpenPortalStart (EventDvmOpenPortalStart)
tokens.ini@1004                Unused     TokenDavidSmythesSonRescuable (TokenDavidSmythesSonRescuable)
spawns.ini@3                   Unused     SpawnJamie (SpawnJamie)
events.ini@22                  Unused     EventPlaceChapelExploreCryptWithKey (EventPlaceChapelExploreCryptWithKey)
tokens.ini@55                  Unused     TokenWallHall1 (TokenWallHall1)
events.ini@657                 Unused     EventPlaceAltarDavid (EventPlaceAltarDavid)
items.ini@134                  Unused     QItemMagnifyingGlass (QItemMagnifyingGlass)
tokens.ini@973                 Unused     TokenExploreChapelViaCryptAgain (TokenExploreChapelViaCryptAgain)
events.ini@2065                Unused     EventTriggerFoundElderSign (EventTriggerFoundElderSign)
events.ini@2201                Unused     EventRemoveDiningRoomInvestigators (EventRemoveDiningRoomInvestigators)
events.ini@1755                Unused     EventWandererActivationStart (EventWandererActivationStart)
spawns.ini@170                 Unused     SpawnChapelStopCultistsRiot (SpawnChapelStopCultistsRiot)
tokens.ini@433                 Unused     TokenTestDWM (TokenTestDWM)
events.ini@1377                Unused     EventTestTransportInvestigatorsYes (EventTestTransportInvestigatorsYes)
tokens.ini@881                 Unused     TokenExploreBasementViaDungeonCave (TokenExploreBasementViaDungeonCave)
events.ini@364                 Unused     EventExploreFoyerLockedDoor (EventExploreFoyerLockedDoor)
events.ini@721                 Unused     EventPlaceCellHole (EventPlaceCellHole)
events.ini@1911                Unused     EventPlaceBasementSearchTrapdoorViaJournal (EventPlaceBasementSearchTrapdoorViaJournal)
events.ini@759                 Unused     EventEvadeCellLloiger (EventEvadeCellLloiger)
events.ini@457                 Unused     EventPlaceDrivewayBen (EventPlaceDrivewayBen)
WandererAttacks.events.ini@1   Unused     EventWandererAttacksStart (EventWandererAttacksStart)
tokens.ini@1026                Unused     TokenDoorHall1 (TokenDoorHall1)
events.ini@108                 Unused     EventExploreDiningRoom (EventExploreDiningRoom)
events.ini@1677                Unused     EventTestGetFluxStabilizer (EventTestGetFluxStabilizer)
events.ini@1896                Unused     EventDWMStartDisambiguator (EventDWMStartDisambiguator)
events.ini@1673                Unused     EventSearchBasementRubbleChapelDor (EventSearchBasementRubbleChapelDor)
events.ini@2057                Unused     EventTriggerDwmRead (EventTriggerDwmRead)
events.ini@823                 Unused     EventKillDavidSmythe (EventKillDavidSmythe)
events.ini@1726                Unused     EventMythosWandererActivateStart (EventMythosWandererActivateStart)
events.ini@1109                Unused     EventPlaceHall2MoveIfExplore (EventPlaceHall2MoveIfExplore)
events.ini@1847                Unused     EventFoundEvidenceStart (EventFoundEvidenceStart)
events.ini@89                  Unused     EventPlacePorchSearchPottedPlant (EventPlacePorchSearchPottedPlant)
events.ini@835                 Unused     EventPlaceChapelExploreCryptWithNoKey (EventPlaceChapelExploreCryptWithNoKey)
events.ini@428                 Unused     EventMythosRitualRestrained (EventMythosRitualRestrained)
events.ini@1134                Unused     EventTestShowVariable (EventTestShowVariable)
events.ini@1387                Unused     EventPlaceBasementConditionConfirm (EventPlaceBasementConditionConfirm)
DvmClosePortal.events.ini@1    Unused     EventDvmClosePortalStart (EventDvmClosePortalStart)
events.ini@2049                Unused     EventTriggerJournalRead (EventTriggerJournalRead)
items.ini@24                   Unused     QItemPuzzleBox (QItemPuzzleBox)
events.ini@1775                Unused     EventWandererHorrorCheck (EventWandererHorrorCheck)
tokens.ini@889                 Unused     TokenTestPlaceBasementViaDungeonCave (TokenTestPlaceBasementViaDungeonCave)
events.ini@1532                Unused     EventExploreDiningRoomViaBackdoor (EventExploreDiningRoomViaBackdoor)
spawns.ini@91                  Unused     SpawnAltarCultists5 (SpawnAltarCultists5)
spawns.ini@186                 Unused     SpawnCustomMonsterDavidSmytheAngry (SpawnCustomMonsterDavidSmytheAngry)
events.ini@712                 Unused     EventPlaceCellExploreAltar (EventPlaceCellExploreAltar)
ui.ini@3                       Unused     UI0 (UI0)
events.ini@434                 Unused     EventInteractSarahSpeaks1 (EventInteractSarahSpeaks1)
spawns.ini@10                  Unused     SpawnSpawnCultist1 (SpawnSpawnCultist1)
OpenPortal.events.ini@1        Unused     EventOpenPortalStart (EventOpenPortalStart)
spawns.ini@56                  Unused     SpawnCustomMonsterAltarCultistAfterDeath (SpawnCustomMonsterAltarCultistAfterDeath)
events.ini@1578                Unused     EventFluxStablizerInspect (EventFluxStablizerInspect)
events.ini@910                 Unused     EventSearchStairsPass (EventSearchStairsPass)
events.ini@2115                Unused     EventPlaceChapel2 (EventPlaceChapel2)
items.ini@126                  Unused     QItemFoyerSpell (QItemFoyerSpell)
events.ini@2107                Unused     EventKillChapelEscapeRiot (EventKillChapelEscapeRiot)
events.ini@829                 Unused     EventPlaceStudyBook (EventPlaceStudyBook)
items.ini@20                   Unused     QItemBrassKey (QItemBrassKey)
items.ini@65                   Unused     QItemStartAttackSpell (QItemStartAttackSpell)
events.ini@1626                Unused     EventKillWanderer (EventKillWanderer)
events.ini@1523                Unused     EventExploreBackdoorFailSearchJournal (EventExploreBackdoorFailSearchJournal)
events.ini@842                 Unused     EventKillChapelRiot (EventKillChapelRiot)
events.ini@1239                Unused     EventTestStartRitual (EventTestStartRitual)
items.ini@3                    Unused     QItemKate (QItemKate)
events.ini@678                 Unused     EventPlaceAltarExploreDoor (EventPlaceAltarExploreDoor)
events.ini@1338                Unused     EventExploreCaveViaDungeonCaveOpen (EventExploreCaveViaDungeonCaveOpen)
events.ini@1406                Unused     EventPlaceBasementConditionStart0 (EventPlaceBasementConditionStart0)
spawns.ini@99                  Unused     SpawnPlaceDungeonCaveViaChapelCultist1 (SpawnPlaceDungeonCaveViaChapelCultist1)
events.ini@1688                Unused     EventTestPlaceDrivewayStart (EventTestPlaceDrivewayStart)
events.ini@1332                Unused     EventInteractChapelTrapdoorTest (EventInteractChapelTrapdoorTest)
events.ini@1328                Unused     EventExploreHall2DoorLocked (EventExploreHall2DoorLocked)
==================================================================== missing localization keys
events.ini@1862                Missing    EventPlaceChapelExploreCryptNoEvidence1.text (EventPlaceChapelExploreCryptNoEvidence1)
events.ini@1868                Missing    EventPlaceChapelExploreCryptNoEvidence2.text (EventPlaceChapelExploreCryptNoEvidence2)
events.ini@1732                Missing    EventMythosWandererActivateMoveStart.text (EventMythosWandererActivateMoveStart)
items.ini@15                   Missing    QItemJournal.text (QItemJournal)
items.ini@28                   Missing    QItemFireExtinguisher.text (QItemFireExtinguisher)
tokens.ini@792                 Missing    TokenTestInitChosenInvestigator.text (TokenTestInitChosenInvestigator)
events.ini@1874                Missing    EventPlaceChapelAfterPriest.text (EventPlaceChapelAfterPriest)
events.ini@34                  Missing    EventMythosStart.text (EventMythosStart)
items.ini@61                   Missing    QItemBladed.text (QItemBladed)
monsters.ini@3                 Missing    CustomMonsterLibraryCultist.text (CustomMonsterLibraryCultist)
events.ini@2012                Missing    EventPlaceFoyerCandlesEnd.text (EventPlaceFoyerCandlesEnd)
events.ini@1215                Missing    EventInvestigatorTransportEnd.text (EventInvestigatorTransportEnd)
events.ini@856                 Missing    EventStartupOpeningSplashEnd.text (EventStartupOpeningSplashEnd)
events.ini@1269                Missing    EventInvestigatorStart.text (EventInvestigatorStart)
events.ini@797                 Missing    EventMythosRitualSummonsStart.text (EventMythosRitualSummonsStart)
events.ini@773                 Missing    EventMythosRitualInProgress.text (EventMythosRitualInProgress)
events.ini@2111                Missing    EventLookPlaceKitchenViaDriveway.button1 (EventLookPlaceKitchenViaDriveway)
events.ini@2111                Missing    EventLookPlaceKitchenViaDriveway.text (EventLookPlaceKitchenViaDriveway)
tokens.ini@1033                Missing    TokenExploreBackDoorLocked.text (TokenExploreBackDoorLocked)
ui.ini@90                      Missing    UIUIGameOverButton.text (UIUIGameOverButton)
events.ini@2095                Missing    EventStartupGoalStopCultists.text (EventStartupGoalStopCultists)
events.ini@586                 Missing    EventGameDoneEnd.text (EventGameDoneEnd)
events.ini@871                 Missing    EventSearchBackdoorRandom.button2 (EventSearchBackdoorRandom)
events.ini@1841                Missing    EventTestChosenInvestigatorWandererSmashedGate.text (EventTestChosenInvestigatorWandererSmashedGate)
events.ini@1610                Missing    EventMythosWandererPlaced.text (EventMythosWandererPlaced)
tokens.ini@146                 Missing    TokenDrivewayBen.text (TokenDrivewayBen)
tokens.ini@146                 Missing    TokenDrivewayBen.button1 (TokenDrivewayBen)
tokens.ini@146                 Missing    TokenDrivewayBen.button2 (TokenDrivewayBen)
items.ini@69                   Missing    QItemStartFirearm.text (QItemStartFirearm)
monsters.ini@20                Missing    CustomMonsterCellLloiger.text (CustomMonsterCellLloiger)
events.ini@1568                Missing    EventStartupKateStart.text (EventStartupKateStart)
items.ini@74                   Missing    QItemStartEquipment1.text (QItemStartEquipment1)
items.ini@78                   Missing    QItemStartEquipment2.text (QItemStartEquipment2)
events.ini@763                 Missing    EventMythosSarahPatterStart.text (EventMythosSarahPatterStart)
items.ini@82                   Missing    QItemStartEquipment3.text (QItemStartEquipment3)
ui.ini@162                     Missing    UIGameOverWinStopCultistsText.text (UIGameOverWinStopCultistsText)
events.ini@768                 Missing    EventMythosSarahPatterEnd.text (EventMythosSarahPatterEnd)
ui.ini@54                      Missing    UIOpeningTitle.text (UIOpeningTitle)
events.ini@1359                Missing    EventTestPlaceDungeonCellYes.text (EventTestPlaceDungeonCellYes)
items.ini@102                  Missing    QItemRandomEquipment.text (QItemRandomEquipment)
items.ini@11                   Missing    QItemElderSignPendant.text (QItemElderSignPendant)
tiles.ini@26                   Missing    TileTortureChamber.text (TileTortureChamber)
spawns.ini@3                   Missing    SpawnJamie.text (SpawnJamie)
events.ini@580                 Missing    EventGameOverStart.text (EventGameOverStart)
tokens.ini@683                 Missing    TokenWallHall2.text (TokenWallHall2)
events.ini@1161                Missing    EventMythosRitualReady.text (EventMythosRitualReady)
events.ini@657                 Missing    EventPlaceAltarDavid.text (EventPlaceAltarDavid)
items.ini@118                  Missing    QItemKey.text (QItemKey)
items.ini@98                   Missing    QItemHealingStone.text (QItemHealingStone)
items.ini@144                  Missing    QItemWendyGun.text (QItemWendyGun)
events.ini@1760                Missing    EventWandererMoveStart.text (EventWandererMoveStart)
items.ini@106                  Missing    QItemEvidenceCoatRoom.text (QItemEvidenceCoatRoom)
items.ini@53                   Missing    QItemGardenTool.text (QItemGardenTool)
events.ini@703                 Missing    EventPlaceCellHoleYes.text (EventPlaceCellHoleYes)
events.ini@703                 Missing    EventPlaceCellHoleYes.button1 (EventPlaceCellHoleYes)
items.ini@134                  Missing    QItemMagnifyingGlass.text (QItemMagnifyingGlass)
puzzles.ini@3                  Missing    PuzzleExploreLibraryBookcase.text (PuzzleExploreLibraryBookcase)
tiles.ini@15                   Missing    TileBasement.text (TileBasement)
events.ini@1928                Missing    EventSearchDiningRoomFluxStabilizerEnd.text (EventSearchDiningRoomFluxStabilizerEnd)
events.ini@1317                Missing    EventStartupOpeningSplashStart.text (EventStartupOpeningSplashStart)
tokens.ini@1011                Missing    TokenDoorDiningRoom.text (TokenDoorDiningRoom)
tokens.ini@951                 Missing    TokenBackyardBenPassive.text (TokenBackyardBenPassive)
events.ini@2078                Missing    EventStartupGoalStopRitual.text (EventStartupGoalStopRitual)
tiles.ini@56                   Missing    TileChapel.text (TileChapel)
items.ini@86                   Missing    QItemCutlery.text (QItemCutlery)
events.ini@95                  Missing    EventPlacePorchExploreDiningRoom.button1 (EventPlacePorchExploreDiningRoom)
events.ini@95                  Missing    EventPlacePorchExploreDiningRoom.text (EventPlacePorchExploreDiningRoom)
events.ini@538                 Missing    EventStartupClueTokensEnd.text (EventStartupClueTokensEnd)
events.ini@1230                Missing    EventMythosRitualSummonsEnd.text (EventMythosRitualSummonsEnd)
ui.ini@174                     Missing    UIGameOverLoseStopCultistsText.text (UIGameOverLoseStopCultistsText)
events.ini@2201                Missing    EventRemoveDiningRoomInvestigators.text (EventRemoveDiningRoomInvestigators)
events.ini@1204                Missing    EventInvestigatorTransportStart.text (EventInvestigatorTransportStart)
events.ini@1169                Missing    EventMythosEnd.text (EventMythosEnd)
events.ini@1190                Missing    EventMythosCounterRitualEnd.text (EventMythosCounterRitualEnd)
events.ini@1755                Missing    EventWandererActivationStart.text (EventWandererActivationStart)
items.ini@36                   Missing    QItemCandles.text (QItemCandles)
spawns.ini@170                 Missing    SpawnChapelStopCultistsRiot.text (SpawnChapelStopCultistsRiot)
tokens.ini@927                 Missing    TokenBackyardBenAfter.text (TokenBackyardBenAfter)
tokens.ini@433                 Missing    TokenTestDWM.text (TokenTestDWM)
events.ini@306                 Missing    EventPlaceHall1.text (EventPlaceHall1)
events.ini@1253                Missing    EventPlaceHall2.text (EventPlaceHall2)
events.ini@1683                Missing    EventStartupClueTokens.button1 (EventStartupClueTokens)
events.ini@1683                Missing    EventStartupClueTokens.text (EventStartupClueTokens)
tiles.ini@74                   Missing    TileDriveway.text (TileDriveway)
items.ini@110                  Missing    QItemEvidenceHall1.text (QItemEvidenceHall1)
items.ini@122                  Missing    QItemEvidenceHall2.text (QItemEvidenceHall2)
events.ini@2044                Missing    EventGameOverTell.text (EventGameOverTell)
events.ini@721                 Missing    EventPlaceCellHole.button1 (EventPlaceCellHole)
events.ini@721                 Missing    EventPlaceCellHole.text (EventPlaceCellHole)
events.ini@1364                Missing    EventPlaceCellRitualRunning.text (EventPlaceCellRitualRunning)
items.ini@32                   Missing    QItem2x4.text (QItem2x4)
tiles.ini@68                   Missing    TileStudy.text (TileStudy)
items.ini@48                   Missing    QItemDVM.text (QItemDVM)
events.ini@1354                Missing    EventPlaceCellEnd.text (EventPlaceCellEnd)
events.ini@1721                Missing    EventPlaceDrivewayWendyEnd.text (EventPlaceDrivewayWendyEnd)
events.ini@1621                Missing    EventMythosWandererEnd.text (EventMythosWandererEnd)
events.ini@1821                Missing    EventMoveAfterExploreGoodGuys.text (EventMoveAfterExploreGoodGuys)
events.ini@1180                Missing    EventTestStartRitualYes.text (EventTestStartRitualYes)
events.ini@1704                Missing    EventStartupPlaceDrivewayEnd.text (EventStartupPlaceDrivewayEnd)
events.ini@1311                Missing    EventPlaceDrivewayEnd.text (EventPlaceDrivewayEnd)
ui.ini@150                     Missing    UIGameOverHalfWinRescueBoyText.text (UIGameOverHalfWinRescueBoyText)
events.ini@1460                Missing    EventPlaceStudyExploreHall2Yes.text (EventPlaceStudyExploreHall2Yes)
events.ini@1195                Missing    EventMythosRitualStart.text (EventMythosRitualStart)
items.ini@57                   Missing    QItemBigGun.text (QItemBigGun)
monsters.ini@33                Missing    CustomMonsterChapelTownfolk.text (CustomMonsterChapelTownfolk)
tiles.ini@9                    Missing    TileDiningRoom.text (TileDiningRoom)
events.ini@1827                Missing    EventMoveAfterExploreEnd.text (EventMoveAfterExploreEnd)
events.ini@1800                Missing    EventMoveAfterExploreAngryBenDeadPriest.text (EventMoveAfterExploreAngryBenDeadPriest)
ui.ini@186                     Missing    UIGameOverHalfWinStopCultists.text (UIGameOverHalfWinStopCultists)
tokens.ini@1026                Missing    TokenDoorHall1.text (TokenDoorHall1)
items.ini@94                   Missing    QItemEvidenceDiningRoom.text (QItemEvidenceDiningRoom)
monsters.ini@28                Missing    CustomMonsterWanderer.text (CustomMonsterWanderer)
events.ini@1185                Missing    EventMythosCounterRitualStart.text (EventMythosCounterRitualStart)
ui.ini@138                     Missing    UIGameOverWinRescueBoyText.text (UIGameOverWinRescueBoyText)
ui.ini@33                      Missing    UIStoryFrame.text (UIStoryFrame)
events.ini@1896                Missing    EventDWMStartDisambiguator.button1 (EventDWMStartDisambiguator)
events.ini@1896                Missing    EventDWMStartDisambiguator.text (EventDWMStartDisambiguator)
monsters.ini@11                Missing    CustomMonsterAltarCultist.text (CustomMonsterAltarCultist)
events.ini@1220                Missing    EventMythosRitualEnd.text (EventMythosRitualEnd)
events.ini@1673                Missing    EventSearchBasementRubbleChapelDor.text (EventSearchBasementRubbleChapelDor)
events.ini@2057                Missing    EventTriggerDwmRead.button1 (EventTriggerDwmRead)
events.ini@2057                Missing    EventTriggerDwmRead.text (EventTriggerDwmRead)
tokens.ini@988                 Missing    TokenExploreEscapeViaChapelAjar.text (TokenExploreEscapeViaChapelAjar)
events.ini@2084                Missing    EventStartupGoalEnd.text (EventStartupGoalEnd)
events.ini@2089                Missing    EventStartupGoalRescueBoy.text (EventStartupGoalRescueBoy)
events.ini@1726                Missing    EventMythosWandererActivateStart.text (EventMythosWandererActivateStart)
events.ini@1156                Missing    EventMythosHealingStoneEnd.text (EventMythosHealingStoneEnd)
events.ini@1710                Missing    EventPlaceDrivewayWendy.text (EventPlaceDrivewayWendy)
events.ini@1149                Missing    EventMythosHealingStoneStart.text (EventMythosHealingStoneStart)
events.ini@1109                Missing    EventPlaceHall2MoveIfExplore.text (EventPlaceHall2MoveIfExplore)
ui.ini@43                      Missing    UIOpeningText.text (UIOpeningText)
events.ini@1847                Missing    EventFoundEvidenceStart.text (EventFoundEvidenceStart)
events.ini@716                 Missing    EventPlaceCellNoRitual.text (EventPlaceCellNoRitual)
tokens.ini@609                 Missing    TokenAltarInvestigators.text (TokenAltarInvestigators)
items.ini@130                  Missing    QItemFoyerRandom.text (QItemFoyerRandom)
events.ini@89                  Missing    EventPlacePorchSearchPottedPlant.button1 (EventPlacePorchSearchPottedPlant)
events.ini@89                  Missing    EventPlacePorchSearchPottedPlant.text (EventPlacePorchSearchPottedPlant)
ui.ini@114                     Missing    UIGameOverLoseStopRitualText.text (UIGameOverLoseStopRitualText)
items.ini@44                   Missing    QItemRitualComponents.text (QItemRitualComponents)
events.ini@2150                Missing    EventInteractEscapeCheckDone.text (EventInteractEscapeCheckDone)
ui.ini@198                     Missing    UIGameOverContinue.text (UIGameOverContinue)
events.ini@1814                Missing    EventMoveAfterExploreDeadPriest.text (EventMoveAfterExploreDeadPriest)
tokens.ini@1041                Missing    TokenInvestigatorsDiningRoom.text (TokenInvestigatorsDiningRoom)
events.ini@1699                Missing    EventStartupPlaceDrivewayStart.text (EventStartupPlaceDrivewayStart)
ui.ini@102                     Missing    UIGameOverHalfWinStopRitualText.text (UIGameOverHalfWinStopRitualText)
events.ini@1128                Missing    EventMoveAfterExploreCandidate.text (EventMoveAfterExploreCandidate)
events.ini@682                 Missing    EventPlaceAltarSpawnCultists.text (EventPlaceAltarSpawnCultists)
items.ini@24                   Missing    QItemPuzzleBox.text (QItemPuzzleBox)
tokens.ini@668                 Missing    TokenDoorStudy.button1 (TokenDoorStudy)
items.ini@148                  Missing    QItemBackdoorRandom.text (QItemBackdoorRandom)
spawns.ini@114                 Missing    SpawnMythosWandererBackyard.button1 (SpawnMythosWandererBackyard)
spawns.ini@114                 Missing    SpawnMythosWandererBackyard.text (SpawnMythosWandererBackyard)
events.ini@808                 Missing    EventMythosCounterRitualYes.text (EventMythosCounterRitualYes)
spawns.ini@39                  Missing    SpawnAltarCultists2.text (SpawnAltarCultists2)
spawns.ini@64                  Missing    SpawnAltarCultists3.text (SpawnAltarCultists3)
spawns.ini@82                  Missing    SpawnAltarCultists4.text (SpawnAltarCultists4)
ui.ini@77                      Missing    UIGameOverWinStopRitualText.text (UIGameOverWinStopRitualText)
ui.ini@126                     Missing    UIGameOverLoseRescueBoy.text (UIGameOverLoseRescueBoy)
tiles.ini@62                   Missing    TileAltar.text (TileAltar)
events.ini@1342                Missing    EventInteractChapelTrapdoorPlaceDiningRoom.text (EventInteractChapelTrapdoorPlaceDiningRoom)
events.ini@1342                Missing    EventInteractChapelTrapdoorPlaceDiningRoom.button1 (EventInteractChapelTrapdoorPlaceDiningRoom)
tiles.ini@21                   Missing    TileCrypt.text (TileCrypt)
tiles.ini@50                   Missing    TileFoyer.text (TileFoyer)
events.ini@1836                Missing    EventTestChosenInvestigatorWandererEnd.text (EventTestChosenInvestigatorWandererEnd)
events.ini@1293                Missing    EventStartupInitializeEnd.text (EventStartupInitializeEnd)
events.ini@1173                Missing    EventMythosRitualIncrement.text (EventMythosRitualIncrement)
tokens.ini@24                  Missing    TokenDrivewayInvestigators.text (TokenDrivewayInvestigators)
events.ini@1693                Missing    EventStartupPlaceDrivewayYes.text (EventStartupPlaceDrivewayYes)
ui.ini@13                      Missing    UIStoryBackground.text (UIStoryBackground)
ui.ini@22                      Missing    UIStoryImage.text (UIStoryImage)
events.ini@1587                Missing    EventKillWandererEnd.text (EventKillWandererEnd)
tokens.ini@935                 Missing    TokenBackyardBenBefore.text (TokenBackyardBenBefore)
items.ini@90                   Missing    QItemWhiskey.text (QItemWhiskey)
events.ini@910                 Missing    EventSearchStairsPass.button1 (EventSearchStairsPass)
events.ini@2176                Missing    EventSearchDiningRoomFluxStabilizerAfterPuzzleEnd.text (EventSearchDiningRoomFluxStabilizerAfterPuzzleEnd)
tokens.ini@744                 Missing    TokenDoorBackdoor.text (TokenDoorBackdoor)
events.ini@1399                Missing    EventPlaceBasementConditionRubbleSearchYes.text (EventPlaceBasementConditionRubbleSearchYes)
events.ini@1599                Missing    EventSearchDiningRoomFluxStabilizerAfterPuzzleBen.text (EventSearchDiningRoomFluxStabilizerAfterPuzzleBen)
events.ini@1604                Missing    EventMythosWandererStart.text (EventMythosWandererStart)
events.ini@2025                Missing    EventMythosSarahPatterGo.text (EventMythosSarahPatterGo)
events.ini@2115                Missing    EventPlaceChapel2.text (EventPlaceChapel2)
events.ini@101                 Missing    EventMoveAfterExplore.text (EventMoveAfterExplore)
events.ini@1794                Missing    EventMoveAfterExploreSightToken.text (EventMoveAfterExploreSightToken)
monsters.ini@6                 Missing    CustomMonsterChapelRiot.text (CustomMonsterChapelRiot)
events.ini@1616                Missing    EventMythosWandererNotPlaced.text (EventMythosWandererNotPlaced)
events.ini@1382                Missing    EventStartupEnd.text (EventStartupEnd)
events.ini@1304                Missing    EventMythosRitualYesTimeout.text (EventMythosRitualYesTimeout)
items.ini@126                  Missing    QItemFoyerSpell.text (QItemFoyerSpell)
items.ini@114                  Missing    QItemEvidenceBasementRubble.text (QItemEvidenceBasementRubble)
events.ini@1807                Missing    EventMoveAfterExploreAngryBen.text (EventMoveAfterExploreAngryBen)
events.ini@1280                Missing    EventMythosRitualYes.text (EventMythosRitualYes)
tiles.ini@38                   Missing    TileGallery.text (TileGallery)
items.ini@20                   Missing    QItemBrassKey.text (QItemBrassKey)
items.ini@139                  Missing    QItemFluxStabilizer.text (QItemFluxStabilizer)
events.ini@2031                Missing    EventStartupGoalStart.text (EventStartupGoalStart)
events.ini@1275                Missing    EventInvestigatorEnd.text (EventInvestigatorEnd)
items.ini@65                   Missing    QItemStartAttackSpell.text (QItemStartAttackSpell)
events.ini@1626                Missing    EventKillWanderer.text (EventKillWanderer)
tiles.ini@3                    Missing    TileBackdoor.text (TileBackdoor)
events.ini@849                 Missing    EventStartupOpeningSplashStartYes.text (EventStartupOpeningSplashStartYes)
events.ini@1634                Missing    EventPlaceCryptExploreDungeonCaveYes.text (EventPlaceCryptExploreDungeonCaveYes)
events.ini@1642                Missing    EventExploreDungeonCaveViaCryptYes.text (EventExploreDungeonCaveViaCryptYes)
events.ini@1582                Missing    EventStartupKateEnd.text (EventStartupKateEnd)
items.ini@7                    Missing    QItemBrassKnuckles.text (QItemBrassKnuckles)
tokens.ini@293                 Missing    TokenTestBasementViaDiningRoomSight.text (TokenTestBasementViaDiningRoomSight)
events.ini@1742                Missing    EventMythosWandererActivateMoveEnd.text (EventMythosWandererActivateMoveEnd)
items.ini@3                    Missing    QItemKate.text (QItemKate)
monsters.ini@15                Missing    CustomMonsterDavidSmythe.text (CustomMonsterDavidSmythe)
puzzles.ini@11                 Missing    PuzzleDiningRoomFluxStabilizer.text (PuzzleDiningRoomFluxStabilizer)
events.ini@1286                Missing    EventStartupInitializeStart.text (EventStartupInitializeStart)
events.ini@1406                Missing    EventPlaceBasementConditionStart0.text (EventPlaceBasementConditionStart0)
events.ini@1392                Missing    EventPlaceBasementConditionStart.text (EventPlaceBasementConditionStart)
events.ini@2073                Missing    EventStartupGoalBranch.text (EventStartupGoalBranch)
spawns.ini@99                  Missing    SpawnPlaceDungeonCaveViaChapelCultist1.text (SpawnPlaceDungeonCaveViaChapelCultist1)
events.ini@1688                Missing    EventTestPlaceDrivewayStart.text (EventTestPlaceDrivewayStart)
ui.ini@65                      Missing    UIStoryContinue.text (UIStoryContinue)
tiles.ini@32                   Missing    TileHall1.text (TileHall1)
tiles.ini@44                   Missing    TileHall2.text (TileHall2)
events.ini@893                 Missing    EventPlaceHall2TileEnd.text (EventPlaceHall2TileEnd)
items.ini@40                   Missing    QItemRitualDagger.text (QItemRitualDagger)
==================================================================== unused localization keys
localization.english.txt@940   Unused     EventPlaceFoyerSightFrontDoor.button1 
localization.english.txt@898   Unused     EventStartupGoalStartBranch.button1 
localization.english.txt@713   Unused     EventDVMStart.button1 
localization.english.txt@706   Unused     EventMythosWandererStart.button2 
localization.english.txt@798   Unused     EventMythosWandererStart.button3 
localization.english.txt@799   Unused     EventMythosWandererStart.button4 
localization.english.txt@901   Unused     EventTriggerDWMRead.text 
localization.english.txt@939   Unused     EventPlaceFoyerSightFrontDoor.text 
localization.english.txt@902   Unused     EventTriggerDWMRead.button1 
localization.english.txt@559   Unused     EventPlaceCellWithPage6.button1 
localization.english.txt@558   Unused     EventPlaceCellWithPage6Yes.button1 
localization.english.txt@517   Unused     EventGameDoneWin.button1 
localization.english.txt@562   Unused     EventPlaceCellWithPage6Yes.text 
localization.english.txt@368   Unused     EventExploreDiningRoomKnock.button1 
